Test Content For CI